{
  "capturedAt": "2026-07-30T10:00:00Z",
  "node": "worker-07",
  "source": "CurrentState",
  "completeness": "Complete",
  "resources": [
    {
      "resource": "cpu",
      "allocatable": "4",
      "requested": "500m",
      "available": "3500m",
      "ratio": 12.5
    },
    {
      "resource": "memory",
      "allocatable": "8Gi",
      "requested": "1Gi",
      "available": "7Gi",
      "ratio": 12.5
    },
    {
      "resource": "nvidia.com/gpu",
      "allocatable": "2",
      "requested": "1",
      "available": "1",
      "ratio": 50
    }
  ],
  "topResource": "cpu",
  "consumers": [],
  "podResources": [
    {
      "namespace": "production",
      "pod": "api",
      "uid": "uid-api",
      "createdAt": "2026-07-30T09:50:00Z",
      "scheduledAt": "2026-07-30T09:51:00Z",
      "owner": "ReplicaSet/api-7d8f",
      "daemonSet": false,
      "resources": [
        {
          "resource": "cpu",
          "request": "500m",
          "limit": "1",
          "requestRatio": 12.5
        },
        {
          "resource": "memory",
          "request": "1Gi",
          "limit": "2Gi",
          "requestRatio": 12.5
        },
        {
          "resource": "nvidia.com/gpu",
          "request": "1",
          "limit": "1",
          "requestRatio": 50
        }
      ]
    },
    {
      "namespace": "system",
      "pod": "best-effort",
      "uid": "uid-best-effort",
      "createdAt": "2026-07-30T09:00:00Z",
      "scheduledAt": null,
      "owner": "DaemonSet/best-effort",
      "daemonSet": true,
      "resources": []
    }
  ],
  "warnings": []
}
